Copyright 1986-2014 Xilinx, Inc. All Rights Reserved.
-----------------------------------------------------------------------------------------------------------------------
| Tool Version     : Vivado v.2014.4 (lin64) Build 1071353 Tue Nov 18 16:47:07 MST 2014
| Date             : Mon Apr 11 22:03:28 2016
| Host             : p218inst09.cse.psu.edu running 64-bit Red Hat Enterprise Linux Workstation release 6.7 (Santiago)
| Command          : report_power_opt -file power_opt.rpt
| Design           : skintone_TopLevel
| Device           : xc7vx690tffg1157-2
| Design State     : Synthesized
| Grade            : commercial
| Process          : typical
| Characterization : Production
-----------------------------------------------------------------------------------------------------------------------

Power optimization report

Table of Contents
-----------------
1. Summary
2. Recommendations
3. Hierarchical Information
3.1 BRAMs
3.2 SRLs
3.3 Slice Registers

1. Summary
----------

+---------------------------+-------+------------+------------+----------------+
| Elements                  | TOTAL | USER GATED | TOOL GATED | % GATED(Total) |
+---------------------------+-------+------------+------------+----------------+
| Number of BRAMs           | 0     | 0          | 0          | 0.000          |
| Number of SRLs            | 176   | 0          | 0          | 0.000          |
| Number of Slice Registers | 1054  | 0          | 0          | 0.000          |
+---------------------------+-------+------------+------------+----------------+


2. Recommendations
------------------

No specific recommendations for this design.

3. Hierarchical Information
---------------------------

3.1 BRAMs
---------

None

3.2 SRLs
--------

None

3.3 Slice Registers
-------------------

None

